// Jest Snapshot v1, https://goo.gl/fbAQLP

exports[`library-no-css-modules fixture build with shikaka 1`] = `
"Used script: node cli.js src/index.js --out-dir test/fixtures/library-no-css-modules/dist --root-dir test/fixtures/library-no-css-modules --no-cssmodules

Directory tree:

library-no-css-modules
  dist
    Button.js
    index.js
    styles.css
  package.json
  src
    components
      Button
        index.css
        index.js
    index.js
"
`;

exports[`library-no-css-modules fixture build with shikaka 2`] = `3`;
