// Jest Snapshot v1, https://goo.gl/fbAQLP

exports[`library-ts fixture build with shikaka 1`] = `
"Used script: node cli.js src/index.ts --out-dir test/fixtures/library-ts/dist --root-dir test/fixtures/library-ts

Directory tree:

library-ts
  dist
    Button.js
    index.js
    styles.css
  package.json
  src
    components
      Button
        index.module.css
        index.tsx
    index.ts
"
`;

exports[`library-ts fixture build with shikaka 2`] = `3`;
